
::group::✅ Passing tests
✅ el texto para compartir no revela respuestas
✅ cuenta atrás hasta la medianoche UTC
✅ pregunta: comodín solo con 4 opciones de elección
✅ textos en dos idiomas
::endgroup::

🎉 4 tests passed.
